── 1/5 · Arrancando PostgreSQL de pruebas (espacio de usuario) ──
── 2/5 · Reseteando la base de pruebas a un estado limpio ──
── 3/5 · Aplicando la cadena real de migraciones ──
INFO  [alembic.runtime.migration] Context impl PostgresqlImpl.
INFO  [alembic.runtime.migration] Will assume transactional DDL.
INFO  [alembic.runtime.migration] Running upgrade  -> 0c661168cb12, initial_schema
INFO  [alembic.runtime.migration] Running upgrade 0c661168cb12 -> b53bbe02a476, add_masters
INFO  [alembic.runtime.migration] Running upgrade b53bbe02a476 -> ad12f3f3ad19, add_lot_phases_and_opening_balances
INFO  [alembic.runtime.migration] Running upgrade ad12f3f3ad19 -> 7922512fdef4, add_operational_events
INFO  [alembic.runtime.migration] Running upgrade 7922512fdef4 -> e4c4cc5420de, add_review_and_corrections
INFO  [alembic.runtime.migration] Running upgrade e4c4cc5420de -> 397a95b7e826, add_sap_integration_tables
INFO  [alembic.runtime.migration] Running upgrade 397a95b7e826 -> ee30bd1aa374, add_audit_log
INFO  [alembic.runtime.migration] Running upgrade ee30bd1aa374 -> 748464484981, add_view_type_to_users
INFO  [alembic.runtime.migration] Running upgrade 748464484981 -> 4396a2b7e7d6, add_egg_storage_and_weekly_tracking_fields
INFO  [alembic.runtime.migration] Running upgrade 4396a2b7e7d6 -> bfcc893f581a, add_evidences_alerts_reversals_and_sap
INFO  [alembic.runtime.migration] Running upgrade bfcc893f581a -> a1b2c3d4e5f6, add_hatchery_bird_type
INFO  [alembic.runtime.migration] Running upgrade a1b2c3d4e5f6 -> f1e2d3c4b5a6, Add egg_batches and chick_batches for generational traceability (T-083).
INFO  [alembic.runtime.migration] Running upgrade f1e2d3c4b5a6 -> c1d2e3f4a5b6, add_operation_specific_fields
INFO  [alembic.runtime.migration] Running upgrade c1d2e3f4a5b6 -> d2e3f4a5b6c7, add house_id to inspection_details
INFO  [alembic.runtime.migration] Running upgrade d2e3f4a5b6c7 -> e5f6a7b8c9d0, add value_numeric to inspection_details
INFO  [alembic.runtime.migration] Running upgrade e5f6a7b8c9d0 -> f6a7b8c9d0e1, add idempotency_key to operational_events
INFO  [alembic.runtime.migration] Running upgrade f6a7b8c9d0e1 -> g7h8i9j0k1l2, generalize chick_batches for breeder + add generation to egg_batches
INFO  [alembic.runtime.migration] Running upgrade g7h8i9j0k1l2 -> h8i9j0k1l2m3, add hatchery_purpose to lots
INFO  [alembic.runtime.migration] Running upgrade d2e3f4a5b6c7 -> 4982c3092c14, add_company_id_indexes_to_master_tables
INFO  [alembic.runtime.migration] Running upgrade 4982c3092c14, h8i9j0k1l2m3 -> c574733bab64, merge_hatchery_purpose_and_company_indexes
INFO  [alembic.runtime.migration] Running upgrade c574733bab64 -> i9j0k1l2m3n4, make operational_events.lot_id nullable for inspection events
INFO  [alembic.runtime.migration] Running upgrade i9j0k1l2m3n4 -> j0k1l2m3n4o5, añade EGG_RECEPTION_CLASSIFICATION al tipo enum eventtype
INFO  [alembic.runtime.migration] Running upgrade j0k1l2m3n4o5 -> k1l2m3n4o5p6, corrige el valor 'hatchery' de birdtypeenum a 'HATCHERY'
INFO  [alembic.runtime.migration] Running upgrade k1l2m3n4o5p6 -> l2m3n4o5p6q7, reconcilia los permisos de rol con el enforcement de RBAC (R-44)
INFO  [alembic.runtime.migration] Running upgrade l2m3n4o5p6q7 -> m3n4o5p6q7r8, curvas estándar de peso por línea genética (`GA-REM-037` / `OD-06`)
INFO  [alembic.runtime.migration] Running upgrade m3n4o5p6q7r8 -> n4o5p6q7r8s9, notificaciones internas (`GA-REM-038` / `OD-07`)
INFO  [alembic.runtime.migration] Running upgrade n4o5p6q7r8s9 -> o5p6q7r8s9t0, áreas funcionales y fecha prevista de cierre (`GA-REM-039` / `GA-REM-038` B / `OD-08`)
INFO  [alembic.runtime.migration] Running upgrade o5p6q7r8s9t0 -> p6q7r8s9t0u1, fundamento del acceso por unidad de negocio (`GA-REM-040` fase 1 · `OD-09` · `OD-10`)
INFO  [alembic.runtime.migration] Running upgrade p6q7r8s9t0u1 -> q7r8s9t0u1v2, la concesión se acota a la empresa que la otorgó (`GA-REM-040` enm. A · `OD-09.d`)
INFO  [alembic.runtime.migration] Running upgrade q7r8s9t0u1v2 -> r8s9t0u1v2w3, la concesión se marca al cambiar de empresa, no se borra (`OD-09.e` · `AC-B12`)
INFO  [alembic.runtime.migration] Running upgrade r8s9t0u1v2w3 -> s9t0u1v2w3x4, clasificación pendiente de la cadena productiva (`GA-REM-040` fase 6 · `OD-10.c`)
INFO  [alembic.runtime.migration] Running upgrade s9t0u1v2w3x4 -> t0u1v2w3x4y5, el reverso interno tiene estado propio: `REVERSED` (`OD-19 §1` · `GA-REM-041` · `R-136`)
INFO  [alembic.runtime.migration] Running upgrade t0u1v2w3x4y5 -> u1v2w3x4y5z6, consumo diario de agua: tipo de evento y columna (`GA-REM-021` enmienda A · `B05` · `R-13` · `H360-B05`)
INFO  [alembic.runtime.migration] Running upgrade u1v2w3x4y5z6 -> v2w3x4y5z6a7, la capacidad de reverso llega a las instalaciones existentes (`OD-19` Aclaración A · `GA-REM-041-B`)
INFO  [alembic.runtime.migration] Running upgrade v2w3x4y5z6a7 -> w3x4y5z6a7b8, cuadre de la recepción de reproductoras: recibidas, mortalidad al arribo y rechazo (`GA-REM-021-B` · `B01` · `H360-B01`)
INFO  [alembic.runtime.migration] Running upgrade w3x4y5z6a7b8 -> x4y5z6a7b8c9, sanos y débiles al nacer (`GA-REM-021-C` · `B13` · `H360-B13` · `Bases` p.9)
INFO  [alembic.runtime.migration] Running upgrade x4y5z6a7b8c9 -> y5z6a7b8c9d0, catálogo canónico de unidades de negocio — dato determinista de despliegue (`GA-FE-02-C §2` · F1 de `GA-FE-02-B`)
INFO  [alembic.runtime.migration] Running upgrade y5z6a7b8c9d0 -> z6a7b8c9d0e1, Refresh tokens revocados — `GA-REM-003` · AC04 (el logout revoca).
   migraciones aplicadas
── 4/5 · Verificando esquema e integridad de la cadena ──
   tablas=56 (55 + alembic_version) · head en BD=z6a7b8c9d0e1 · head en código=z6a7b8c9d0e1
── 5/5 · Sembrando datos deterministas y ejecutando pytest ──
(trapped) error reading bcrypt version
Traceback (most recent call last):
  File "/home/runner/work/GlobalAvicola/GlobalAvicola/backend/.venv/lib/python3.11/site-packages/passlib/handlers/bcrypt.py", line 620, in _load_backend_mixin
    version = _bcrypt.__about__.__version__
              ^^^^^^^^^^^^^^^^^
AttributeError: module 'bcrypt' has no attribute '__about__'
   seeds aplicados

........................................................................ [  5%]
........................................................................ [ 10%]
........................................................................ [ 16%]
........................................................................ [ 21%]
........................................................................ [ 27%]
........................................................................ [ 32%]
........................................................................ [ 38%]
........................................................................ [ 43%]
........................................................................ [ 49%]
........................................................................ [ 54%]
........................................................................ [ 60%]
........................................................................ [ 65%]
........................................................................ [ 71%]
........................................................................ [ 76%]
.........................................ssssssssssssss................. [ 82%]
........................................................................ [ 87%]
......................................................ssssssssssssssssss [ 93%]
sssssssssssssssss....................................................... [ 98%]
................                                                         [100%]
=============================== warnings summary ===============================
.venv/lib/python3.11/site-packages/passlib/utils/__init__.py:854
  /home/runner/work/GlobalAvicola/GlobalAvicola/backend/.venv/lib/python3.11/site-packages/passlib/utils/__init__.py:854: DeprecationWarning: 'crypt' is deprecated and slated for removal in Python 3.13
    from crypt import crypt as _crypt

tests/test_access_administration.py:325
  /home/runner/work/GlobalAvicola/GlobalAvicola/backend/tests/test_access_administration.py:325: DeprecationWarning: invalid escape sequence '\w'
    """`AC-S06` · `AC-S09`. Contra la **constante sembrada**, no contra su texto.

tests/test_access_administration.py::test_s06_el_rol_sembrado_tiene_exactamente_los_cuatro_permisos
  tests/test_access_administration.py:324: PytestWarning: The test <Function test_s06_el_rol_sembrado_tiene_exactamente_los_cuatro_permisos> is marked with '@pytest.mark.asyncio' but it is not an async function. Please remove the asyncio mark. If the test is not marked explicitly, check for global marks applied via 'pytestmark'.
    def test_s06_el_rol_sembrado_tiene_exactamente_los_cuatro_permisos():

tests/test_access_administration.py::test_s07_el_supervisor_no_recibe_permisos_de_administracion_de_acceso
  tests/test_access_administration.py:348: PytestWarning: The test <Function test_s07_el_supervisor_no_recibe_permisos_de_administracion_de_acceso> is marked with '@pytest.mark.asyncio' but it is not an async function. Please remove the asyncio mark. If the test is not marked explicitly, check for global marks applied via 'pytestmark'.
    def test_s07_el_supervisor_no_recibe_permisos_de_administracion_de_acceso():

tests/test_company_catalog.py::test_t10_ac20_ac21_sin_migracion_y_sin_conector
  tests/test_company_catalog.py:255: PytestWarning: The test <Function test_t10_ac20_ac21_sin_migracion_y_sin_conector> is marked with '@pytest.mark.asyncio' but it is not an async function. Please remove the asyncio mark. If the test is not marked explicitly, check for global marks applied via 'pytestmark'.
    def test_t10_ac20_ac21_sin_migracion_y_sin_conector():

tests/test_company_catalog.py::test_t10_ac20_ac21_sin_migracion_y_sin_conector
tests/test_population_invariant.py::test_ac14_sin_migracion_ni_rutas_nuevas
tests/test_smoke.py::test_humo_10_esquema_al_dia
  /home/runner/work/GlobalAvicola/GlobalAvicola/backend/.venv/lib/python3.11/site-packages/alembic/config.py:612: DeprecationWarning: No path_separator found in configuration; falling back to legacy splitting on spaces, commas, and colons for prepend_sys_path.  Consider adding path_separator=os to Alembic config.
    util.warn_deprecated(

tests/test_population_invariant.py::test_ac14_sin_migracion_ni_rutas_nuevas
  tests/test_population_invariant.py:389: PytestWarning: The test <Function test_ac14_sin_migracion_ni_rutas_nuevas> is marked with '@pytest.mark.asyncio' but it is not an async function. Please remove the asyncio mark. If the test is not marked explicitly, check for global marks applied via 'pytestmark'.
    def test_ac14_sin_migracion_ni_rutas_nuevas():

tests/test_r187_ipe_od22_scale.py::test_r187_ac25_matematica_independiente
  tests/test_r187_ipe_od22_scale.py:301: PytestWarning: The test <Function test_r187_ac25_matematica_independiente> is marked with '@pytest.mark.asyncio' but it is not an async function. Please remove the asyncio mark. If the test is not marked explicitly, check for global marks applied via 'pytestmark'.
    def test_r187_ac25_matematica_independiente():

tests/test_r199_global_authority_fabrication.py::test_r199_06_modulo_fuera_de_catalogo_es_422
  /home/runner/work/GlobalAvicola/GlobalAvicola/backend/app/auth/service.py:739: StarletteDeprecationWarning: 'HTTP_422_UNPROCESSABLE_ENTITY' is deprecated. Use 'HTTP_422_UNPROCESSABLE_CONTENT' instead.
    self._validar_permisos(data.permissions or [],

tests/test_reversal_role_matrix.py::test_rev_r01_r02_el_supervisor_avicola_solicita_y_lee_reversos
  tests/test_reversal_role_matrix.py:56: PytestWarning: The test <Function test_rev_r01_r02_el_supervisor_avicola_solicita_y_lee_reversos> is marked with '@pytest.mark.asyncio' but it is not an async function. Please remove the asyncio mark. If the test is not marked explicitly, check for global marks applied via 'pytestmark'.
    def test_rev_r01_r02_el_supervisor_avicola_solicita_y_lee_reversos():

tests/test_reversal_role_matrix.py::test_rev_r03_r04_la_contraloria_lee_y_no_solicita
  tests/test_reversal_role_matrix.py:62: PytestWarning: The test <Function test_rev_r03_r04_la_contraloria_lee_y_no_solicita> is marked with '@pytest.mark.asyncio' but it is not an async function. Please remove the asyncio mark. If the test is not marked explicitly, check for global marks applied via 'pytestmark'.
    def test_rev_r03_r04_la_contraloria_lee_y_no_solicita():

tests/test_reversal_role_matrix.py::test_rev_r05_r06_acceso_y_operador_no_reciben_reverso
  tests/test_reversal_role_matrix.py:68: PytestWarning: The test <Function test_rev_r05_r06_acceso_y_operador_no_reciben_reverso> is marked with '@pytest.mark.asyncio' but it is not an async function. Please remove the asyncio mark. If the test is not marked explicitly, check for global marks applied via 'pytestmark'.
    def test_rev_r05_r06_acceso_y_operador_no_reciben_reverso():

tests/test_reversal_role_matrix.py::test_rev_r07_nadie_gana_comodin_ni_autoridad_ajena
  tests/test_reversal_role_matrix.py:76: PytestWarning: The test <Function test_rev_r07_nadie_gana_comodin_ni_autoridad_ajena> is marked with '@pytest.mark.asyncio' but it is not an async function. Please remove the asyncio mark. If the test is not marked explicitly, check for global marks applied via 'pytestmark'.
    def test_rev_r07_nadie_gana_comodin_ni_autoridad_ajena():

tests/test_sap_transversal.py::test_la_excepcion_sap_esta_declarada_y_no_puede_crecer_en_silencio
  tests/test_sap_transversal.py:370: PytestWarning: The test <Function test_la_excepcion_sap_esta_declarada_y_no_puede_crecer_en_silencio> is marked with '@pytest.mark.asyncio' but it is not an async function. Please remove the asyncio mark. If the test is not marked explicitly, check for global marks applied via 'pytestmark'.
    def test_la_excepcion_sap_esta_declarada_y_no_puede_crecer_en_silencio():

tests/test_sap_transversal.py::test_las_rutas_de_configuracion_sap_quedan_fuera_de_la_excepcion
  tests/test_sap_transversal.py:393: PytestWarning: The test <Function test_las_rutas_de_configuracion_sap_quedan_fuera_de_la_excepcion> is marked with '@pytest.mark.asyncio' but it is not an async function. Please remove the asyncio mark. If the test is not marked explicitly, check for global marks applied via 'pytestmark'.
    def test_las_rutas_de_configuracion_sap_quedan_fuera_de_la_excepcion():

tests/test_sap_transversal.py::test_no_existe_una_funcion_generica_de_salto_de_alcance
  tests/test_sap_transversal.py:402: PytestWarning: The test <Function test_no_existe_una_funcion_generica_de_salto_de_alcance> is marked with '@pytest.mark.asyncio' but it is not an async function. Please remove the asyncio mark. If the test is not marked explicitly, check for global marks applied via 'pytestmark'.
    def test_no_existe_una_funcion_generica_de_salto_de_alcance():

-- Docs: https://docs.pytest.org/en/stable/how-to/capture-warnings.html
1263 passed, 49 skipped, 18 warnings in 1439.33s (0:23:59)
